2026-05-31 12:18:13,344 - DEBUG - This is a debug message
2026-05-31 12:18:13,345 - INFO - This is an info message
2026-05-31 12:18:13,345 - WARNING - This is a warning message
2026-05-31 12:20:02,687 - DEBUG - This is debug message 0
2026-05-31 12:20:02,688 - INFO - This is info message 1
2026-05-31 12:20:02,688 - INFO - This is info message 2
2026-05-31 12:20:02,688 - INFO - This is info message 3
2026-05-31 12:20:02,688 - WARNING - This is warning message 4
2026-05-31 12:20:02,688 - DEBUG - This is debug message 5
2026-05-31 12:20:02,688 - INFO - This is info message 6
2026-05-31 12:20:02,688 - DEBUG - This is debug message 7
2026-05-31 12:20:02,688 - WARNING - This is warning message 8
2026-05-31 12:20:02,688 - INFO - This is info message 9
2026-05-31 12:20:02,688 - DEBUG - This is debug message 10
2026-05-31 12:20:02,688 - WARNING - This is warning message 11
2026-05-31 12:20:02,688 - WARNING - This is warning message 12
2026-05-31 12:20:02,688 - DEBUG - This is debug message 13
2026-05-31 12:20:02,688 - DEBUG - This is debug message 14
2026-05-31 12:20:02,688 - DEBUG - This is debug message 15
2026-05-31 12:20:02,688 - INFO - This is info message 16
2026-05-31 12:20:02,688 - INFO - This is info message 17
2026-05-31 12:20:02,688 - WARNING - This is warning message 18
2026-05-31 12:20:02,688 - WARNING - This is warning message 19
2026-05-31 12:20:02,688 - WARNING - This is warning message 20
2026-05-31 12:20:02,688 - DEBUG - This is debug message 21
2026-05-31 12:20:02,688 - INFO - This is info message 22
2026-05-31 12:20:02,688 - DEBUG - This is debug message 23
2026-05-31 12:20:02,688 - WARNING - This is warning message 24
2026-05-31 12:20:02,688 - INFO - This is info message 25
2026-05-31 12:20:02,688 - WARNING - This is warning message 26
2026-05-31 12:20:02,688 - INFO - This is info message 27
2026-05-31 12:20:02,688 - INFO - This is info message 28
2026-05-31 12:20:02,688 - DEBUG - This is debug message 29
2026-05-31 12:20:02,688 - WARNING - This is warning message 30
2026-05-31 12:20:02,688 - DEBUG - This is debug message 31
2026-05-31 12:20:02,688 - WARNING - This is warning message 32
2026-05-31 12:20:02,689 - DEBUG - This is debug message 33
2026-05-31 12:20:02,689 - INFO - This is info message 34
2026-05-31 12:20:02,689 - WARNING - This is warning message 35
2026-05-31 12:20:02,689 - DEBUG - This is debug message 36
2026-05-31 12:20:02,689 - INFO - This is info message 37
2026-05-31 12:20:02,689 - INFO - This is info message 38
2026-05-31 12:20:02,689 - WARNING - This is warning message 39
2026-05-31 12:20:02,689 - WARNING - This is warning message 40
2026-05-31 12:20:02,689 - DEBUG - This is debug message 41
2026-05-31 12:20:02,689 - DEBUG - This is debug message 42
2026-05-31 12:20:02,689 - WARNING - This is warning message 43
2026-05-31 12:20:02,689 - INFO - This is info message 44
2026-05-31 12:20:02,689 - WARNING - This is warning message 45
2026-05-31 12:20:02,689 - DEBUG - This is debug message 46
2026-05-31 12:20:02,689 - DEBUG - This is debug message 47
2026-05-31 12:20:02,689 - WARNING - This is warning message 48
2026-05-31 12:20:02,689 - WARNING - This is warning message 49
2026-05-31 12:20:02,689 - DEBUG - This is debug message 50
2026-05-31 12:20:02,689 - INFO - This is info message 51
2026-05-31 12:20:02,689 - DEBUG - This is debug message 52
2026-05-31 12:20:02,689 - DEBUG - This is debug message 53
2026-05-31 12:20:02,689 - INFO - This is info message 54
2026-05-31 12:20:02,689 - DEBUG - This is debug message 55
2026-05-31 12:20:02,689 - INFO - This is info message 56
2026-05-31 12:20:02,689 - WARNING - This is warning message 57
2026-05-31 12:20:02,689 - INFO - This is info message 58
2026-05-31 12:20:02,689 - INFO - This is info message 59
2026-05-31 12:20:02,689 - INFO - This is info message 60
2026-05-31 12:20:02,689 - INFO - This is info message 61
2026-05-31 12:20:02,689 - DEBUG - This is debug message 62
2026-05-31 12:20:02,689 - WARNING - This is warning message 63
2026-05-31 12:20:02,689 - INFO - This is info message 64
2026-05-31 12:20:02,689 - WARNING - This is warning message 65
2026-05-31 12:20:02,689 - WARNING - This is warning message 66
2026-05-31 12:20:02,689 - DEBUG - This is debug message 67
2026-05-31 12:20:02,689 - WARNING - This is warning message 68
2026-05-31 12:20:02,689 - DEBUG - This is debug message 69
2026-05-31 12:20:02,689 - INFO - This is info message 70
2026-05-31 12:20:02,689 - INFO - This is info message 71
2026-05-31 12:20:02,689 - INFO - This is info message 72
2026-05-31 12:20:02,689 - WARNING - This is warning message 73
2026-05-31 12:20:02,689 - WARNING - This is warning message 74
2026-05-31 12:20:02,689 - WARNING - This is warning message 75
2026-05-31 12:20:02,689 - DEBUG - This is debug message 76
2026-05-31 12:20:02,689 - WARNING - This is warning message 77
2026-05-31 12:20:02,690 - INFO - This is info message 78
2026-05-31 12:20:02,690 - INFO - This is info message 79
2026-05-31 12:20:02,690 - WARNING - This is warning message 80
2026-05-31 12:20:02,690 - INFO - This is info message 81
2026-05-31 12:20:02,690 - DEBUG - This is debug message 82
2026-05-31 12:20:02,690 - DEBUG - This is debug message 83
2026-05-31 12:20:02,690 - WARNING - This is warning message 84
2026-05-31 12:20:02,690 - WARNING - This is warning message 85
2026-05-31 12:20:02,690 - INFO - This is info message 86
2026-05-31 12:20:02,690 - INFO - This is info message 87
2026-05-31 12:20:02,690 - WARNING - This is warning message 88
2026-05-31 12:20:02,690 - DEBUG - This is debug message 89
2026-05-31 12:20:02,690 - INFO - This is info message 90
2026-05-31 12:20:02,690 - WARNING - This is warning message 91
2026-05-31 12:20:02,690 - WARNING - This is warning message 92
2026-05-31 12:20:02,690 - DEBUG - This is debug message 93
2026-05-31 12:20:02,690 - WARNING - This is warning message 94
2026-05-31 12:20:02,690 - DEBUG - This is debug message 95
2026-05-31 12:20:02,690 - WARNING - This is warning message 96
2026-05-31 12:20:02,690 - INFO - This is info message 97
2026-05-31 12:20:02,690 - INFO - This is info message 98
2026-05-31 12:20:02,690 - WARNING - This is warning message 99
2026-05-31 12:20:02,690 - WARNING - This is warning message 100
2026-05-31 12:20:02,690 - WARNING - This is warning message 101
2026-05-31 12:20:02,690 - WARNING - This is warning message 102
2026-05-31 12:20:02,690 - WARNING - This is warning message 103
2026-05-31 12:20:02,690 - INFO - This is info message 104
2026-05-31 12:20:02,690 - INFO - This is info message 105
2026-05-31 12:20:02,690 - INFO - This is info message 106
2026-05-31 12:20:02,690 - DEBUG - This is debug message 107
2026-05-31 12:20:02,690 - DEBUG - This is debug message 108
2026-05-31 12:20:02,690 - DEBUG - This is debug message 109
2026-05-31 12:20:02,690 - WARNING - This is warning message 110
2026-05-31 12:20:02,690 - DEBUG - This is debug message 111
2026-05-31 12:20:02,690 - INFO - This is info message 112
2026-05-31 12:20:02,690 - INFO - This is info message 113
2026-05-31 12:20:02,690 - WARNING - This is warning message 114
2026-05-31 12:20:02,690 - INFO - This is info message 115
2026-05-31 12:20:02,690 - DEBUG - This is debug message 116
2026-05-31 12:20:02,690 - INFO - This is info message 117
2026-05-31 12:20:02,690 - DEBUG - This is debug message 118
2026-05-31 12:20:02,690 - INFO - This is info message 119
2026-05-31 12:20:02,690 - WARNING - This is warning message 120
2026-05-31 12:20:02,690 - WARNING - This is warning message 121
2026-05-31 12:20:02,690 - DEBUG - This is debug message 122
2026-05-31 12:20:02,690 - DEBUG - This is debug message 123
2026-05-31 12:20:02,690 - INFO - This is info message 124
2026-05-31 12:20:02,690 - INFO - This is info message 125
2026-05-31 12:20:02,690 - INFO - This is info message 126
2026-05-31 12:20:02,690 - WARNING - This is warning message 127
2026-05-31 12:20:02,690 - INFO - This is info message 128
2026-05-31 12:20:02,690 - INFO - This is info message 129
2026-05-31 12:20:02,690 - WARNING - This is warning message 130
2026-05-31 12:20:02,690 - WARNING - This is warning message 131
2026-05-31 12:20:02,690 - INFO - This is info message 132
2026-05-31 12:20:02,690 - WARNING - This is warning message 133
2026-05-31 12:20:02,690 - WARNING - This is warning message 134
2026-05-31 12:20:02,690 - INFO - This is info message 135
2026-05-31 12:20:02,690 - DEBUG - This is debug message 136
2026-05-31 12:20:02,690 - DEBUG - This is debug message 137
2026-05-31 12:20:02,690 - DEBUG - This is debug message 138
2026-05-31 12:20:02,690 - INFO - This is info message 139
2026-05-31 12:20:02,690 - INFO - This is info message 140
2026-05-31 12:20:02,690 - WARNING - This is warning message 141
2026-05-31 12:20:02,690 - DEBUG - This is debug message 142
2026-05-31 12:20:02,691 - INFO - This is info message 143
2026-05-31 12:20:02,691 - INFO - This is info message 144
2026-05-31 12:20:02,691 - INFO - This is info message 145
2026-05-31 12:20:02,691 - WARNING - This is warning message 146
2026-05-31 12:20:02,691 - WARNING - This is warning message 147
2026-05-31 12:20:02,691 - DEBUG - This is debug message 148
2026-05-31 12:20:02,691 - WARNING - This is warning message 149
2026-05-31 12:20:02,691 - DEBUG - This is debug message 150
2026-05-31 12:20:02,691 - WARNING - This is warning message 151
2026-05-31 12:20:02,691 - DEBUG - This is debug message 152
2026-05-31 12:20:02,691 - INFO - This is info message 153
2026-05-31 12:20:02,691 - DEBUG - This is debug message 154
2026-05-31 12:20:02,691 - DEBUG - This is debug message 155
2026-05-31 12:20:02,691 - DEBUG - This is debug message 156
2026-05-31 12:20:02,691 - DEBUG - This is debug message 157
2026-05-31 12:20:02,691 - INFO - This is info message 158
2026-05-31 12:20:02,691 - DEBUG - This is debug message 159
2026-05-31 12:20:02,691 - INFO - This is info message 160
2026-05-31 12:20:02,691 - DEBUG - This is debug message 161
2026-05-31 12:20:02,691 - DEBUG - This is debug message 162
2026-05-31 12:20:02,691 - INFO - This is info message 163
2026-05-31 12:20:02,691 - INFO - This is info message 164
2026-05-31 12:20:02,691 - DEBUG - This is debug message 165
2026-05-31 12:20:02,691 - DEBUG - This is debug message 166
2026-05-31 12:20:02,691 - INFO - This is info message 167
2026-05-31 12:20:02,691 - DEBUG - This is debug message 168
2026-05-31 12:20:02,691 - WARNING - This is warning message 169
2026-05-31 12:20:02,691 - DEBUG - This is debug message 170
2026-05-31 12:20:02,691 - DEBUG - This is debug message 171
2026-05-31 12:20:02,691 - DEBUG - This is debug message 172
2026-05-31 12:20:02,691 - DEBUG - This is debug message 173
2026-05-31 12:20:02,691 - DEBUG - This is debug message 174
2026-05-31 12:20:02,691 - DEBUG - This is debug message 175
2026-05-31 12:20:02,691 - INFO - This is info message 176
2026-05-31 12:20:02,691 - DEBUG - This is debug message 177
2026-05-31 12:20:02,691 - DEBUG - This is debug message 178
2026-05-31 12:20:02,691 - INFO - This is info message 179
2026-05-31 12:20:02,691 - DEBUG - This is debug message 180
2026-05-31 12:20:02,691 - INFO - This is info message 181
2026-05-31 12:20:02,691 - INFO - This is info message 182
2026-05-31 12:20:02,691 - WARNING - This is warning message 183
2026-05-31 12:20:02,691 - DEBUG - This is debug message 184
2026-05-31 12:20:02,691 - DEBUG - This is debug message 185
2026-05-31 12:20:02,691 - DEBUG - This is debug message 186
2026-05-31 12:20:02,691 - INFO - This is info message 187
2026-05-31 12:20:02,691 - INFO - This is info message 188
2026-05-31 12:20:02,691 - INFO - This is info message 189
2026-05-31 12:20:02,691 - INFO - This is info message 190
2026-05-31 12:20:02,691 - WARNING - This is warning message 191
2026-05-31 12:20:02,691 - DEBUG - This is debug message 192
2026-05-31 12:20:02,691 - WARNING - This is warning message 193
2026-05-31 12:20:02,691 - INFO - This is info message 194
2026-05-31 12:20:02,691 - WARNING - This is warning message 195
2026-05-31 12:20:02,691 - INFO - This is info message 196
2026-05-31 12:20:02,691 - WARNING - This is warning message 197
2026-05-31 12:20:02,691 - INFO - This is info message 198
2026-05-31 12:20:02,691 - WARNING - This is warning message 199
